// Jest Snapshot v1, https://goo.gl/fbAQLP

exports[`renders correctly 1`] = `
<div
  className="to-do-list"
>
  <h2>
    To Do List
  </h2>
</div>
`;
