// Jest Snapshot v1, https://goo.gl/fbAQLP

exports[`it renders correctly 1`] = `
<div
  className="homepage"
>
  <p>
    import one project you're most proud of
  </p>
</div>
`;
